12:59:01 **** Incremental Build of configuration Debug for project dos ****
make all 
Building file: ../src/can_drv.c
Invoking: MicroBlaze gcc compiler
mb-gcc -Wall -O0 -g3 -c -fmessage-length=0 -MT"src/can_drv.o" -I/home/temporary/Desktop/ChanghongTemp/ws2/hwil/export/hwil/sw/hwil/standalone_domain/bspinclude/include -mlittle-endian -mcpu=v11.0 -mxl-soft-mul -Wl,--no-relax -ffunction-sections -fdata-sections -MMD -MP -MF"src/can_drv.d" -MT"src/can_drv.o" -o "src/can_drv.o" "../src/can_drv.c"
In file included from ../src/can_drv.c:1:
../src/can_drv.h:254:8: warning: parameter names (without types) in function declaration
  254 | struct can_data_frame initialize_can_data_frame(addr1,addr2,addr3,can_addr);
      |        ^~~~~~~~~~~~~~
../src/can_drv.c: In function 'can_set_pin':
../src/can_drv.c:94:22: warning: passing argument 1 of 'write_gpio_1' makes integer from pointer without a cast [-Wint-conversion]
   94 |         write_gpio_1(&regs->control, 0, pin, value);
      |                      ^~~~~~~~~~~~~~
      |                      |
      |                      volatile uint32_t * {aka volatile long unsigned int *}
In file included from ../src/can_drv.h:9:
../src/gpio_drv.h:11:35: note: expected 'uint32_t' {aka 'long unsigned int'} but argument is of type 'volatile uint32_t *' {aka 'volatile long unsigned int *'}
   11 | extern void write_gpio_1(uint32_t addr, uint32_t byte_offset, uint32_t bit_offset, uint8_t value);
      |                          ~~~~~~~~~^~~~
../src/can_drv.c: In function 'can_set_data':
../src/can_drv.c:98:22: warning: passing argument 1 of 'write_gpio_8' makes integer from pointer without a cast [-Wint-conversion]
   98 |         write_gpio_8(&regs->tx_fifo, 0, value);
      |                      ^~~~~~~~~~~~~~
      |                      |
      |                      volatile uint32_t * {aka volatile long unsigned int *}
../src/gpio_drv.h:10:35: note: expected 'uint32_t' {aka 'long unsigned int'} but argument is of type 'volatile uint32_t *' {aka 'volatile long unsigned int *'}
   10 | extern void write_gpio_8(uint32_t addr, uint32_t byte_offset, uint8_t value);
      |                          ~~~~~~~~~^~~~
../src/can_drv.c: In function 'can_read_data':
../src/can_drv.c:103:27: warning: passing argument 1 of 'read_gpio_8' makes integer from pointer without a cast [-Wint-conversion]
  103 |         ret = read_gpio_8(&regs->rx_fifo, 0);
      |                           ^~~~~~~~~~~~~~
      |                           |
      |                           volatile uint32_t * {aka volatile long unsigned int *}
../src/gpio_drv.h:12:37: note: expected 'uint32_t' {aka 'long unsigned int'} but argument is of type 'volatile uint32_t *' {aka 'volatile long unsigned int *'}
   12 | extern uint8_t read_gpio_8(uint32_t addr, uint32_t byte_offset);
      |                            ~~~~~~~~~^~~~
../src/can_drv.c: In function 'can_rxd':
../src/can_drv.c:216:13: warning: variable 'Rxd_data' set but not used [-Wunused-but-set-variable]
  216 |     uint8_t Rxd_data;
      |             ^~~~~~~~
../src/can_drv.c: In function 'initialize_can_data_frame':
../src/can_drv.c:305:23: warning: type of 'addr1' defaults to 'int' [-Wimplicit-int]
  305 | struct can_data_frame initialize_can_data_frame(addr1,addr2,addr3,can_addr) {
      |                       ^~~~~~~~~~~~~~~~~~~~~~~~~
../src/can_drv.c:305:23: warning: type of 'addr2' defaults to 'int' [-Wimplicit-int]
../src/can_drv.c:305:23: warning: type of 'addr3' defaults to 'int' [-Wimplicit-int]
../src/can_drv.c:305:23: warning: type of 'can_addr' defaults to 'int' [-Wimplicit-int]
../src/can_drv.c: In function 'can_rxd_frame':
../src/can_drv.c:328:13: warning: variable 'Rxd_data' set but not used [-Wunused-but-set-variable]
  328 |     uint8_t Rxd_data;
      |             ^~~~~~~~
Finished building: ../src/can_drv.c
 
Building file: ../src/mb_dos_main.c
Invoking: MicroBlaze gcc compiler
mb-gcc -Wall -O0 -g3 -c -fmessage-length=0 -MT"src/mb_dos_main.o" -I/home/temporary/Desktop/ChanghongTemp/ws2/hwil/export/hwil/sw/hwil/standalone_domain/bspinclude/include -mlittle-endian -mcpu=v11.0 -mxl-soft-mul -Wl,--no-relax -ffunction-sections -fdata-sections -MMD -MP -MF"src/mb_dos_main.d" -MT"src/mb_dos_main.o" -o "src/mb_dos_main.o" "../src/mb_dos_main.c"
In file included from ../src/mb_dos_main.c:40:
../src/can_drv.h:254:8: warning: parameter names (without types) in function declaration
  254 | struct can_data_frame initialize_can_data_frame(addr1,addr2,addr3,can_addr);
      |        ^~~~~~~~~~~~~~
In file included from ../src/mb_dos_main.c:31:
../src/mb_dos_main.c: In function 'gpio_init':
/home/temporary/Desktop/ChanghongTemp/ws2/hwil/export/hwil/sw/hwil/standalone_domain/bspinclude/include/xparameters.h:584:35: warning: unsigned conversion from 'int' to 'u16' {aka 'short unsigned int'} changes value from '1191182336' to '0' [-Woverflow]
  584 | #define XPAR_MB4_DOS_RCV_BASEADDR 0x47000000
      |                                   ^~~~~~~~~~
../src/mb_dos_main.c:53:32: note: in expansion of macro 'XPAR_MB4_DOS_RCV_BASEADDR'
   53 | #define DOS_CMD_GPIO_DEVICE_ID XPAR_MB4_DOS_RCV_BASEADDR
      |                                ^~~~~~~~~~~~~~~~~~~~~~~~~
../src/mb_dos_main.c:115:34: note: in expansion of macro 'DOS_CMD_GPIO_DEVICE_ID'
  115 |     XGpio_Initialize(&GpioInput, DOS_CMD_GPIO_DEVICE_ID);
      |                                  ^~~~~~~~~~~~~~~~~~~~~~
../src/mb_dos_main.c: In function 'main':
../src/mb_dos_main.c:130:8: warning: unused variable 'dos_loop_times' [-Wunused-variable]
  130 |    int dos_loop_times;
      |        ^~~~~~~~~~~~~~
../src/mb_dos_main.c:134:32: warning: 'inject_frame' is used uninitialized [-Wuninitialized]
  134 |         inject_frame->can_addr = CAN_0_BASEADDR;
../src/mb_dos_main.c:133:32: note: 'inject_frame' was declared here
  133 |         struct can_data_frame *inject_frame;
      |                                ^~~~~~~~~~~~
Finished building: ../src/mb_dos_main.c
 
Building file: ../src/xgpio_tapp_example.c
Invoking: MicroBlaze gcc compiler
mb-gcc -Wall -O0 -g3 -c -fmessage-length=0 -MT"src/xgpio_tapp_example.o" -I/home/temporary/Desktop/ChanghongTemp/ws2/hwil/export/hwil/sw/hwil/standalone_domain/bspinclude/include -mlittle-endian -mcpu=v11.0 -mxl-soft-mul -Wl,--no-relax -ffunction-sections -fdata-sections -MMD -MP -MF"src/xgpio_tapp_example.d" -MT"src/xgpio_tapp_example.o" -o "src/xgpio_tapp_example.o" "../src/xgpio_tapp_example.c"
Finished building: ../src/xgpio_tapp_example.c
 
Building file: ../src/xintc_tapp_example.c
Invoking: MicroBlaze gcc compiler
mb-gcc -Wall -O0 -g3 -c -fmessage-length=0 -MT"src/xintc_tapp_example.o" -I/home/temporary/Desktop/ChanghongTemp/ws2/hwil/export/hwil/sw/hwil/standalone_domain/bspinclude/include -mlittle-endian -mcpu=v11.0 -mxl-soft-mul -Wl,--no-relax -ffunction-sections -fdata-sections -MMD -MP -MF"src/xintc_tapp_example.d" -MT"src/xintc_tapp_example.o" -o "src/xintc_tapp_example.o" "../src/xintc_tapp_example.c"
Finished building: ../src/xintc_tapp_example.c
 
Building target: dos.elf
Invoking: MicroBlaze gcc linker
mb-gcc -Wl,-T -Wl,../src/lscript.ld -L/home/temporary/Desktop/ChanghongTemp/ws2/hwil/export/hwil/sw/hwil/standalone_domain/bsplib/lib -mlittle-endian -mcpu=v11.0 -mxl-soft-mul -Wl,--no-relax -Wl,--gc-sections -o "dos.elf"  ./src/can_drv.o ./src/gpio_drv.o ./src/mb_dos_main.o ./src/xgpio_tapp_example.o ./src/xintc_tapp_example.o   -Wl,--start-group,-lxil,-lgcc,-lc,--end-group
Finished building target: dos.elf
 
Invoking: MicroBlaze Print Size
mb-size dos.elf  |tee "dos.elf.size"
   text	   data	    bss	    dec	    hex	filename
   8528	    340	   3300	  12168	   2f88	dos.elf
Finished building: dos.elf.size
 

12:59:02 Build Finished (took 318ms)

